To honour the JVM settings for this build a single-use Daemon process will be forked. For more on this, please refer to https://docs.gradle.org/9.1.0/userguide/gradle_daemon.html#sec:disabling_the_daemon in the Gradle documentation.
Daemon will be stopped at the end of the build 

> Configure project :
✓ Using bundled dependencies from libraries/deps/
  Run './libraries/download-dependencies.sh' to update bundled dependencies

> Task :compileJava
/home/runner/work/MattMC/MattMC/src/main/java/com/github/alexthe666/alexsmobs/entity/ai/GrizzlyBearAIBeehive.java:132: error: class, interface, enum, or record expected
}
^
/home/runner/work/MattMC/MattMC/src/main/java/com/github/alexthe666/alexsmobs/entity/ai/GrizzlyBearAIBeehive.java:1: error: compact source file should not have package declaration
package com.github.alexthe666.alexsmobs.entity.ai;
^
2 errors

> Task :compileJava FAILED

[Incubating] Problems report is available at: file:///home/runner/work/MattMC/MattMC/build/reports/problems/problems-report.html

FAILURE: Build failed with an exception.

* What went wrong:
Execution failed for task ':compileJava'.
> Compilation failed; see the compiler output below.
  /home/runner/work/MattMC/MattMC/src/main/java/com/github/alexthe666/alexsmobs/entity/ai/GrizzlyBearAIBeehive.java:132: error: class, interface, enum, or record expected
  }
  ^
  2 errors

* Try:
> Check your code and dependencies to fix the compilation error(s)
> Run with --scan to generate a Build Scan (Powered by Develocity).

Deprecated Gradle features were used in this build, making it incompatible with Gradle 10.

You can use '--warning-mode all' to show the individual deprecation warnings and determine if they come from your own scripts or plugins.

For more on this, please refer to https://docs.gradle.org/9.1.0/userguide/command_line_interface.html#sec:command_line_warnings in the Gradle documentation.

BUILD FAILED in 13s
1 actionable task: 1 executed
